[    1002ms] [INFO] %cDownload the React DevTools for a better development experience: https://react.dev/link/react-devtools font-weight:bold @ http://localhost:3001/_next/static/chunks/node_modules_next_dist_115brz8._.js:2431
[    1121ms] [LOG] [HMR] connected @ http://localhost:3001/_next/static/chunks/node_modules_next_dist_115brz8._.js:2431
[    4808ms] [VERBOSE] [DOM] Password field is not contained in a form: (More info: https://goo.gl/9p2vKq) %o @ https://accounts.google.com/v3/signin/identifier?opparams=%253F&dsh=S254285197%3A1781273567401560&client_id=1059726559625-qtm85jsiijke5o4om6j6m05ou5t3hs7n.apps.googleusercontent.com&code_challenge=yn4tO7e2yBVzz-T0jBwsFPmwDJ6D_vJU_43Xs_mdMzk&code_challenge_method=S256&o2v=2&redirect_uri=http%3A%2F%2Flocalhost%3A3001%2Fapi%2Fauth%2Fcallback%2Fgoogle&response_type=code&scope=openid+profile+email&service=lso&flowName=GeneralOAuthFlow&continue=https%3A%2F%2Faccounts.google.com%2Fsignin%2Foauth%2Fconsent%3Fauthuser%3Dunknown%26part%3DAJi8hAOtzzdGxRf2mwS7AHdEIXWWb66ApG9n59dnlC-q9pHhT59t0Nc0FO7OTIaZt3G-VQjM5p682wwv6QoWUcv_Qsd2Xt8RCyZHzFa3UAVw8p2gqd6loyaK5F7mjLi0eYg5WMZc2S3CD-rbjCgqNONcqGMyvBtQKBlOso7IqyutYiad5-Np8jieusySYlurvP1oDB46Qixub_QekxwNFBZUR2ytNEitLzIkDknwIWK6LhofdstOLpuudVjSGAm7hKUhN_xhg8KsVm_PPD0fmwrvnsZyC635Xk1lHZBeui3qrqiPG6qF3MwgGZT5GKVp0-R4wz8SiBayqvyYepb0QREqvT7AF_ab_P7N5ZVKWjJszK5AJ_u2moelp_grNQ7hTaPyfYWwhEPyLEymYrxT5n5mgXUbwEeTkCDSeEbEzIc4JCGpOsnmaY9tySFd6v4BIbCQj3vnvKQpRkSgNUdocwfThnWZFiU4YQ%26flowName%3DGeneralOAuthFlow%26as%3DS254285197%253A1781273567401560%26client_id%3D1059726559625-qtm85jsiijke5o4om6j6m05ou5t3hs7n.apps.googleusercontent.com%26requestPath%3D%252Fsignin%252Foauth%252Fconsent%23&app_domain=http%3A%2F%2Flocalhost%3A3001&rart=ANgoxceQRF2s-whYiRuozI3oIYzp3uapfbf6qDuYvO1lUf45HzEsQBL-orGJkTY4LBUWvrw0eEySWjujD2r5mjX4HnpTXyivaTVIl2bR7CInGpB1DoKklBM:0
[    4824ms] [LOG] %c%s color: red; background: yellow; font-size: 24px; ADVERTENCIA @ https://www.gstatic.com/_/mss/boq-identity/_/js/k=boq-identity.AccountsSignInUi.es_419.G8uxZNYWH70.es5.O/am=EQ0AAAAMFP8IGQD8__83AAABBNkO-J4F0AQIGQAAAAAAAAAAsAAAAI0/d=1/excm=_b,_tp,identifierview/ed=1/dg=0/wt=2/ujg=1/rs=AOaEmlEfXfeFUcC5XMgO2-TNcVu247PmjQ/dti=1/m=_b,_tp:548
[    4825ms] [LOG] %c%s font-size: 18px; Si usas esta consola, un atacante podría suplantar tu identidad y robar tu información a través de un ataque llamado Self-XSS.
No ingreses ni pegues ningún código que no entiendas. @ https://www.gstatic.com/_/mss/boq-identity/_/js/k=boq-identity.AccountsSignInUi.es_419.G8uxZNYWH70.es5.O/am=EQ0AAAAMFP8IGQD8__83AAABBNkO-J4F0AQIGQAAAAAAAAAAsAAAAI0/d=1/excm=_b,_tp,identifierview/ed=1/dg=0/wt=2/ujg=1/rs=AOaEmlEfXfeFUcC5XMgO2-TNcVu247PmjQ/dti=1/m=_b,_tp:548
[   34857ms] [VERBOSE] [DOM] Password field is not contained in a form: (More info: https://goo.gl/9p2vKq) %o @ https://accounts.google.com/v3/signin/challenge/pwd?TL=ADCchmabA_uxIrBXxpdQbQ9WJogaj8arQ8ZM4VGn_95bkvr2RCNoKeZZc47ejNA9&app_domain=http%3A%2F%2Flocalhost%3A3001&checkConnection=youtube%3A638&checkedDomains=youtube&cid=2&client_id=1059726559625-qtm85jsiijke5o4om6j6m05ou5t3hs7n.apps.googleusercontent.com&code_challenge=yn4tO7e2yBVzz-T0jBwsFPmwDJ6D_vJU_43Xs_mdMzk&code_challenge_method=S256&continue=https%3A%2F%2Faccounts.google.com%2Fsignin%2Foauth%2Fconsent%3Fauthuser%3Dunknown%26part%3DAJi8hAOtzzdGxRf2mwS7AHdEIXWWb66ApG9n59dnlC-q9pHhT59t0Nc0FO7OTIaZt3G-VQjM5p682wwv6QoWUcv_Qsd2Xt8RCyZHzFa3UAVw8p2gqd6loyaK5F7mjLi0eYg5WMZc2S3CD-rbjCgqNONcqGMyvBtQKBlOso7IqyutYiad5-Np8jieusySYlurvP1oDB46Qixub_QekxwNFBZUR2ytNEitLzIkDknwIWK6LhofdstOLpuudVjSGAm7hKUhN_xhg8KsVm_PPD0fmwrvnsZyC635Xk1lHZBeui3qrqiPG6qF3MwgGZT5GKVp0-R4wz8SiBayqvyYepb0QREqvT7AF_ab_P7N5ZVKWjJszK5AJ_u2moelp_grNQ7hTaPyfYWwhEPyLEymYrxT5n5mgXUbwEeTkCDSeEbEzIc4JCGpOsnmaY9tySFd6v4BIbCQj3vnvKQpRkSgNUdocwfThnWZFiU4YQ%26flowName%3DGeneralOAuthFlow%26as%3DS254285197%253A1781273567401560%26client_id%3D1059726559625-qtm85jsiijke5o4om6j6m05ou5t3hs7n.apps.googleusercontent.com%26requestPath%3D%252Fsignin%252Foauth%252Fconsent%23&dsh=S254285197%3A1781273567401560&flowName=GeneralOAuthFlow&o2v=2&opparams=%253F&pstMsg=1&rart=ANgoxceQRF2s-whYiRuozI3oIYzp3uapfbf6qDuYvO1lUf45HzEsQBL-orGJkTY4LBUWvrw0eEySWjujD2r5mjX4HnpTXyivaTVIl2bR7CInGpB1DoKklBM&redirect_uri=http%3A%2F%2Flocalhost%3A3001%2Fapi%2Fauth%2Fcallback%2Fgoogle&response_type=code&scope=openid%20profile%20email&service=lso:0
[    4808ms] [VERBOSE] [DOM] Password field is not contained in a form: (More info: https://goo.gl/9p2vKq) %o @ https://accounts.google.com/v3/signin/identifier?opparams=%253F&dsh=S254285197%3A1781273567401560&client_id=1059726559625-qtm85jsiijke5o4om6j6m05ou5t3hs7n.apps.googleusercontent.com&code_challenge=yn4tO7e2yBVzz-T0jBwsFPmwDJ6D_vJU_43Xs_mdMzk&code_challenge_method=S256&o2v=2&redirect_uri=http%3A%2F%2Flocalhost%3A3001%2Fapi%2Fauth%2Fcallback%2Fgoogle&response_type=code&scope=openid+profile+email&service=lso&flowName=GeneralOAuthFlow&continue=https%3A%2F%2Faccounts.google.com%2Fsignin%2Foauth%2Fconsent%3Fauthuser%3Dunknown%26part%3DAJi8hAOtzzdGxRf2mwS7AHdEIXWWb66ApG9n59dnlC-q9pHhT59t0Nc0FO7OTIaZt3G-VQjM5p682wwv6QoWUcv_Qsd2Xt8RCyZHzFa3UAVw8p2gqd6loyaK5F7mjLi0eYg5WMZc2S3CD-rbjCgqNONcqGMyvBtQKBlOso7IqyutYiad5-Np8jieusySYlurvP1oDB46Qixub_QekxwNFBZUR2ytNEitLzIkDknwIWK6LhofdstOLpuudVjSGAm7hKUhN_xhg8KsVm_PPD0fmwrvnsZyC635Xk1lHZBeui3qrqiPG6qF3MwgGZT5GKVp0-R4wz8SiBayqvyYepb0QREqvT7AF_ab_P7N5ZVKWjJszK5AJ_u2moelp_grNQ7hTaPyfYWwhEPyLEymYrxT5n5mgXUbwEeTkCDSeEbEzIc4JCGpOsnmaY9tySFd6v4BIbCQj3vnvKQpRkSgNUdocwfThnWZFiU4YQ%26flowName%3DGeneralOAuthFlow%26as%3DS254285197%253A1781273567401560%26client_id%3D1059726559625-qtm85jsiijke5o4om6j6m05ou5t3hs7n.apps.googleusercontent.com%26requestPath%3D%252Fsignin%252Foauth%252Fconsent%23&app_domain=http%3A%2F%2Flocalhost%3A3001&rart=ANgoxceQRF2s-whYiRuozI3oIYzp3uapfbf6qDuYvO1lUf45HzEsQBL-orGJkTY4LBUWvrw0eEySWjujD2r5mjX4HnpTXyivaTVIl2bR7CInGpB1DoKklBM:0
[   34857ms] [VERBOSE] [DOM] Password field is not contained in a form: (More info: https://goo.gl/9p2vKq) %o @ https://accounts.google.com/v3/signin/challenge/pwd?TL=ADCchmabA_uxIrBXxpdQbQ9WJogaj8arQ8ZM4VGn_95bkvr2RCNoKeZZc47ejNA9&app_domain=http%3A%2F%2Flocalhost%3A3001&checkConnection=youtube%3A638&checkedDomains=youtube&cid=2&client_id=1059726559625-qtm85jsiijke5o4om6j6m05ou5t3hs7n.apps.googleusercontent.com&code_challenge=yn4tO7e2yBVzz-T0jBwsFPmwDJ6D_vJU_43Xs_mdMzk&code_challenge_method=S256&continue=https%3A%2F%2Faccounts.google.com%2Fsignin%2Foauth%2Fconsent%3Fauthuser%3Dunknown%26part%3DAJi8hAOtzzdGxRf2mwS7AHdEIXWWb66ApG9n59dnlC-q9pHhT59t0Nc0FO7OTIaZt3G-VQjM5p682wwv6QoWUcv_Qsd2Xt8RCyZHzFa3UAVw8p2gqd6loyaK5F7mjLi0eYg5WMZc2S3CD-rbjCgqNONcqGMyvBtQKBlOso7IqyutYiad5-Np8jieusySYlurvP1oDB46Qixub_QekxwNFBZUR2ytNEitLzIkDknwIWK6LhofdstOLpuudVjSGAm7hKUhN_xhg8KsVm_PPD0fmwrvnsZyC635Xk1lHZBeui3qrqiPG6qF3MwgGZT5GKVp0-R4wz8SiBayqvyYepb0QREqvT7AF_ab_P7N5ZVKWjJszK5AJ_u2moelp_grNQ7hTaPyfYWwhEPyLEymYrxT5n5mgXUbwEeTkCDSeEbEzIc4JCGpOsnmaY9tySFd6v4BIbCQj3vnvKQpRkSgNUdocwfThnWZFiU4YQ%26flowName%3DGeneralOAuthFlow%26as%3DS254285197%253A1781273567401560%26client_id%3D1059726559625-qtm85jsiijke5o4om6j6m05ou5t3hs7n.apps.googleusercontent.com%26requestPath%3D%252Fsignin%252Foauth%252Fconsent%23&dsh=S254285197%3A1781273567401560&flowName=GeneralOAuthFlow&o2v=2&opparams=%253F&pstMsg=1&rart=ANgoxceQRF2s-whYiRuozI3oIYzp3uapfbf6qDuYvO1lUf45HzEsQBL-orGJkTY4LBUWvrw0eEySWjujD2r5mjX4HnpTXyivaTVIl2bR7CInGpB1DoKklBM&redirect_uri=http%3A%2F%2Flocalhost%3A3001%2Fapi%2Fauth%2Fcallback%2Fgoogle&response_type=code&scope=openid%20profile%20email&service=lso:0
[   83090ms] [LOG] %c%s color: red; background: yellow; font-size: 24px; ADVERTENCIA @ https://www.gstatic.com/_/mss/boq-identity/_/js/k=boq-identity.OAuthUi.es.HlSzUf-rJQI.es5.O/am=MgAAAADwD2AA8P__bwBBtgPvGUABAgAAAAAAAACAAQAgAg/d=1/excm=_b,_tp,attributesview/ed=1/dg=0/wt=2/ujg=1/rs=AOaEmlExmnTe6Rv4mVppi5HOaEotCbS2tA/dti=1/m=_b,_tp:534
[   83090ms] [LOG] %c%s font-size: 18px; Si utilizas esta consola, otras personas podrían hacerse pasar por ti y robarte datos mediante un ataque Self-XSS.
No escribas ni pegues ningún código que no entiendas. @ https://www.gstatic.com/_/mss/boq-identity/_/js/k=boq-identity.OAuthUi.es.HlSzUf-rJQI.es5.O/am=MgAAAADwD2AA8P__bwBBtgPvGUABAgAAAAAAAACAAQAgAg/d=1/excm=_b,_tp,attributesview/ed=1/dg=0/wt=2/ujg=1/rs=AOaEmlExmnTe6Rv4mVppi5HOaEotCbS2tA/dti=1/m=_b,_tp:534
[   90846ms] [INFO] %cDownload the React DevTools for a better development experience: https://react.dev/link/react-devtools font-weight:bold @ http://localhost:3001/_next/static/chunks/node_modules_next_dist_115brz8._.js:2431
[   91019ms] [LOG] [HMR] connected @ http://localhost:3001/_next/static/chunks/node_modules_next_dist_115brz8._.js:2431
[   91122ms] [ERROR] Encountered a script tag while rendering React component. Scripts inside React components are never executed when rendering on the client. Consider using template tag instead (https://developer.mozilla.org/en-US/docs/Web/HTML/Element/template). @ http://localhost:3001/_next/static/chunks/node_modules_next_dist_115brz8._.js:3272
[   91254ms] Error: Hydration failed because the server rendered HTML didn't match the client. As a result this tree will be regenerated on the client. This can happen if a SSR-ed Client Component used:

- A server/client branch `if (typeof window !== 'undefined')`.
- Variable input such as `Date.now()` or `Math.random()` which changes each time it's called.
- Date formatting in a user's locale which doesn't match the server.
- External changing data without sending a snapshot of it along with the HTML.
- Invalid HTML tag nesting.

It can also happen if the client has a browser extension installed which messes with the HTML before React loaded.

https://react.dev/link/hydration-mismatch

  ...
    <ConditionalAppShell>
      <AppShell>
        <ChatProvider>
          <ToastProvider>
            <div>
            <TopBar>
            <div className="flex flex-...">
              <ChatShell>
                <div className="flex-shrin..." style={{width:0, ...}} aria-hidden={true}>
                  <AiChat>
                    <aside className="w-[320px] ..." style={{...}}>
                      <div>
                      <div className="relative p...">
                        <div>
                        <div>
                        <div className="flex items...">
                          <button
                            onClick={function onClick}
+                           title="Silenciar"
-                           title="Borrar historial"
+                           className="w-7 h-7 grid place-items-center rounded-lg transition-colors text-accent-soft b..."
-                           className="w-7 h-7 grid place-items-center rounded-lg text-text-dim hover:text-danger hove..."
-                           disabled=""
                          >
                            <Volume2 className="w-3.5 h-3.5">
                              <svg
                                ref={null}
+                               xmlns="http://www.w3.org/2000/svg"
-                               xmlns={null}
+                               width={24}
-                               width={null}
+                               height={24}
-                               height={null}
+                               viewBox="0 0 24 24"
-                               viewBox="0 0 16 16"
                                fill="none"
                                stroke="currentColor"
+                               strokeWidth={2}
-                               strokeWidth="1.5"
+                               strokeLinecap="round"
-                               strokeLinecap={null}
+                               strokeLinejoin="round"
-                               strokeLinejoin={null}
+                               className="lucide lucide-volume2 lucide-volume-2 w-3.5 h-3.5"
-                               className="w-3.5 h-3.5"
+                               aria-hidden="true"
-                               aria-hidden={null}
                              >
                                <path
+                                 d="M11 4.702a.705.705 0 0 0-1.203-.498L6.413 7.587A1.4 1.4 0 0 1 5.416 8H3a1 1 0 0 0..."
-                                 d="M2 4h12M6 4V2h4v2M3 4l1 9h8l1-9"
-                                 stroke-linecap="round"
-                                 stroke-linejoin="round"
                                >
+                               <path d="M16 9a5 5 0 0 1 0 6">
                                ...
                          ...
                      ...
              ...
            ...
            ...

    at throwOnHydrationMismatch (http://localhost:3001/_next/static/chunks/node_modules_next_dist_compiled_react-dom_058-ah~._.js:3318:56)
    at beginWork (http://localhost:3001/_next/static/chunks/node_modules_next_dist_compiled_react-dom_058-ah~._.js:6758:918)
    at runWithFiberInDEV (http://localhost:3001/_next/static/chunks/node_modules_next_dist_compiled_react-dom_058-ah~._.js:965:74)
    at performUnitOfWork (http://localhost:3001/_next/static/chunks/node_modules_next_dist_compiled_react-dom_058-ah~._.js:9555:97)
    at workLoopConcurrentByScheduler (http://localhost:3001/_next/static/chunks/node_modules_next_dist_compiled_react-dom_058-ah~._.js:9551:58)
    at renderRootConcurrent (http://localhost:3001/_next/static/chunks/node_modules_next_dist_compiled_react-dom_058-ah~._.js:9534:71)
    at performWorkOnRoot (http://localhost:3001/_next/static/chunks/node_modules_next_dist_compiled_react-dom_058-ah~._.js:9061:150)
    at performWorkOnRootViaSchedulerTask (http://localhost:3001/_next/static/chunks/node_modules_next_dist_compiled_react-dom_058-ah~._.js:10255:9)
    at MessagePort.performWorkUntilDeadline (http://localhost:3001/_next/static/chunks/node_modules_next_dist_compiled_0rpq4pf._.js:2647:64)
[  306754ms] [LOG] [Fast Refresh] rebuilding @ http://localhost:3001/_next/static/chunks/node_modules_next_dist_115brz8._.js:2431
[  307459ms] [LOG] [Fast Refresh] done in 788ms @ http://localhost:3001/_next/static/chunks/node_modules_next_dist_115brz8._.js:2431
[  307787ms] [LOG] [Fast Refresh] rebuilding @ http://localhost:3001/_next/static/chunks/node_modules_next_dist_115brz8._.js:2431
[  308381ms] [LOG] [Fast Refresh] done in 703ms @ http://localhost:3001/_next/static/chunks/node_modules_next_dist_115brz8._.js:2431
[  534637ms] [LOG] [Fast Refresh] rebuilding @ http://localhost:3001/_next/static/chunks/node_modules_next_dist_115brz8._.js:2431
[  535820ms] [LOG] [Fast Refresh] done in 1222ms @ http://localhost:3001/_next/static/chunks/node_modules_next_dist_115brz8._.js:2431
[  536106ms] [LOG] [Fast Refresh] rebuilding @ http://localhost:3001/_next/static/chunks/node_modules_next_dist_115brz8._.js:2431
[  536769ms] [LOG] [Fast Refresh] done in 774ms @ http://localhost:3001/_next/static/chunks/node_modules_next_dist_115brz8._.js:2431
[  544768ms] [LOG] [Fast Refresh] rebuilding @ http://localhost:3001/_next/static/chunks/node_modules_next_dist_115brz8._.js:2431
[  545069ms] [LOG] [Fast Refresh] done in 422ms @ http://localhost:3001/_next/static/chunks/node_modules_next_dist_115brz8._.js:2431
[  621282ms] [LOG] [Fast Refresh] rebuilding @ http://localhost:3001/_next/static/chunks/node_modules_next_dist_115brz8._.js:2431
[  622125ms] [LOG] [Fast Refresh] done in 907ms @ http://localhost:3001/_next/static/chunks/node_modules_next_dist_115brz8._.js:2431
[  622372ms] [LOG] [Fast Refresh] rebuilding @ http://localhost:3001/_next/static/chunks/node_modules_next_dist_115brz8._.js:2431
[  623118ms] [LOG] [Fast Refresh] done in 853ms @ http://localhost:3001/_next/static/chunks/node_modules_next_dist_115brz8._.js:2431
[  654064ms] [LOG] [Fast Refresh] rebuilding @ http://localhost:3001/_next/static/chunks/node_modules_next_dist_115brz8._.js:2431
[  654281ms] [LOG] [Fast Refresh] done in 327ms @ http://localhost:3001/_next/static/chunks/node_modules_next_dist_115brz8._.js:2431
[  667055ms] [LOG] [Fast Refresh] rebuilding @ http://localhost:3001/_next/static/chunks/node_modules_next_dist_115brz8._.js:2431
[  667068ms] [LOG] [Fast Refresh] done in 129ms @ http://localhost:3001/_next/static/chunks/node_modules_next_dist_115brz8._.js:2431
[  741832ms] [LOG] [Fast Refresh] rebuilding @ http://localhost:3001/_next/static/chunks/node_modules_next_dist_115brz8._.js:2431
[  742031ms] [LOG] [Fast Refresh] done in 493ms @ http://localhost:3001/_next/static/chunks/node_modules_next_dist_115brz8._.js:2431
[  742350ms] [LOG] [Fast Refresh] rebuilding @ http://localhost:3001/_next/static/chunks/node_modules_next_dist_115brz8._.js:2431
[  742640ms] [LOG] [Fast Refresh] done in 394ms @ http://localhost:3001/_next/static/chunks/node_modules_next_dist_115brz8._.js:2431
[  774655ms] [LOG] [Fast Refresh] rebuilding @ http://localhost:3001/_next/static/chunks/node_modules_next_dist_115brz8._.js:2431
[  774995ms] [LOG] [Fast Refresh] done in 515ms @ http://localhost:3001/_next/static/chunks/node_modules_next_dist_115brz8._.js:2431
[  775104ms] [LOG] [Fast Refresh] rebuilding @ http://localhost:3001/_next/static/chunks/node_modules_next_dist_115brz8._.js:2431
[  775290ms] [LOG] [Fast Refresh] done in 293ms @ http://localhost:3001/_next/static/chunks/node_modules_next_dist_115brz8._.js:2431
[  780281ms] [LOG] [Fast Refresh] rebuilding @ http://localhost:3001/_next/static/chunks/node_modules_next_dist_115brz8._.js:2431
[  780793ms] [LOG] [Fast Refresh] done in 621ms @ http://localhost:3001/_next/static/chunks/node_modules_next_dist_115brz8._.js:2431
[  780987ms] [LOG] [Fast Refresh] rebuilding @ http://localhost:3001/_next/static/chunks/node_modules_next_dist_115brz8._.js:2431
[  781435ms] [LOG] [Fast Refresh] done in 552ms @ http://localhost:3001/_next/static/chunks/node_modules_next_dist_115brz8._.js:2431
[  787144ms] [LOG] [Fast Refresh] rebuilding @ http://localhost:3001/_next/static/chunks/node_modules_next_dist_115brz8._.js:2431
[  787303ms] [LOG] [Fast Refresh] done in 266ms @ http://localhost:3001/_next/static/chunks/node_modules_next_dist_115brz8._.js:2431
[  804592ms] [LOG] [Fast Refresh] rebuilding @ http://localhost:3001/_next/static/chunks/node_modules_next_dist_115brz8._.js:2431
[  804715ms] [LOG] [Fast Refresh] done in 225ms @ http://localhost:3001/_next/static/chunks/node_modules_next_dist_115brz8._.js:2431
[  861519ms] [LOG] [Fast Refresh] rebuilding @ http://localhost:3001/_next/static/chunks/node_modules_next_dist_115brz8._.js:2431
[  861921ms] [LOG] [Fast Refresh] done in 544ms @ http://localhost:3001/_next/static/chunks/node_modules_next_dist_115brz8._.js:2431
[  862096ms] [LOG] [Fast Refresh] rebuilding @ http://localhost:3001/_next/static/chunks/node_modules_next_dist_115brz8._.js:2431
[  862618ms] [LOG] [Fast Refresh] done in 623ms @ http://localhost:3001/_next/static/chunks/node_modules_next_dist_115brz8._.js:2431
[  866588ms] [LOG] [Fast Refresh] rebuilding @ http://localhost:3001/_next/static/chunks/node_modules_next_dist_115brz8._.js:2431
[  866881ms] [LOG] [Fast Refresh] done in 358ms @ http://localhost:3001/_next/static/chunks/node_modules_next_dist_115brz8._.js:2431
[  867067ms] [LOG] [Fast Refresh] rebuilding @ http://localhost:3001/_next/static/chunks/node_modules_next_dist_115brz8._.js:2431
[  867593ms] [LOG] [Fast Refresh] done in 633ms @ http://localhost:3001/_next/static/chunks/node_modules_next_dist_115brz8._.js:2431
[  874091ms] [LOG] [Fast Refresh] rebuilding @ http://localhost:3001/_next/static/chunks/node_modules_next_dist_115brz8._.js:2431
[  875140ms] [LOG] [Fast Refresh] done in 1160ms @ http://localhost:3001/_next/static/chunks/node_modules_next_dist_115brz8._.js:2431
[  875774ms] [LOG] [Fast Refresh] rebuilding @ http://localhost:3001/_next/static/chunks/node_modules_next_dist_115brz8._.js:2431
[  876200ms] [LOG] [Fast Refresh] done in 551ms @ http://localhost:3001/_next/static/chunks/node_modules_next_dist_115brz8._.js:2431
[  883737ms] [LOG] [Fast Refresh] rebuilding @ http://localhost:3001/_next/static/chunks/node_modules_next_dist_115brz8._.js:2431
[  883866ms] [LOG] [Fast Refresh] done in 244ms @ http://localhost:3001/_next/static/chunks/node_modules_next_dist_115brz8._.js:2431
[  885918ms] [LOG] [Fast Refresh] rebuilding @ http://localhost:3001/_next/static/chunks/node_modules_next_dist_115brz8._.js:2431
[  886342ms] [LOG] [Fast Refresh] done in 524ms @ http://localhost:3001/_next/static/chunks/node_modules_next_dist_115brz8._.js:2431
[  900440ms] [LOG] [Fast Refresh] rebuilding @ http://localhost:3001/_next/static/chunks/node_modules_next_dist_115brz8._.js:2431
[  900812ms] [LOG] [Fast Refresh] done in 485ms @ http://localhost:3001/_next/static/chunks/node_modules_next_dist_115brz8._.js:2431
[  943949ms] [LOG] [Fast Refresh] rebuilding @ http://localhost:3001/_next/static/chunks/node_modules_next_dist_115brz8._.js:2431
[  943950ms] [LOG] [Fast Refresh] done in 118ms @ http://localhost:3001/_next/static/chunks/node_modules_next_dist_115brz8._.js:2431
[  947560ms] [LOG] [Fast Refresh] rebuilding @ http://localhost:3001/_next/static/chunks/node_modules_next_dist_115brz8._.js:2431
[  947577ms] [LOG] [Fast Refresh] done in 125ms @ http://localhost:3001/_next/static/chunks/node_modules_next_dist_115brz8._.js:2431
[  952372ms] [LOG] [Fast Refresh] rebuilding @ http://localhost:3001/_next/static/chunks/node_modules_next_dist_115brz8._.js:2431
[  952391ms] [LOG] [Fast Refresh] done in 129ms @ http://localhost:3001/_next/static/chunks/node_modules_next_dist_115brz8._.js:2431
